[INFO] Scanning for projects...
[WARNING] 
[WARNING] Some problems were encountered while building the effective model for com.zhihire:starmap-backend:jar:1.0.0-SNAPSHOT
[WARNING] 'profiles.profile[prod].dependencies.dependency.systemPath' for cn.com.kingbase:kingbase8:jar should not point at files within the project directory, ${project.basedir}/lib/kingbase8-8.6.0.jar will be unresolvable by dependent projects @ line 141, column 33
[WARNING] 
[WARNING] It is highly recommended to fix these problems because they threaten the stability of your build.
[WARNING] 
[WARNING] For this reason, future Maven versions might no longer support building such malformed projects.
[WARNING] 
[INFO] 
[INFO] --------------------< com.zhihire:starmap-backend >---------------------
[INFO] Building zhihire-starmap-backend 1.0.0-SNAPSHOT
[INFO]   from pom.xml
[INFO] --------------------------------[ jar ]---------------------------------
[INFO] 
[INFO] >>> spring-boot:3.2.5:run (default-cli) > test-compile @ starmap-backend >>>
[INFO] 
[INFO] --- resources:3.3.1:resources (default-resources) @ starmap-backend ---
[INFO] Copying 1 resource from src\main\resources to target\classes
[INFO] Copying 1 resource from src\main\resources to target\classes
[INFO] 
[INFO] --- compiler:3.11.0:compile (default-compile) @ starmap-backend ---
[INFO] Nothing to compile - all classes are up to date
[INFO] 
[INFO] --- resources:3.3.1:testResources (default-testResources) @ starmap-backend ---
[INFO] skip non existing resourceDirectory C:\Users\Administrator\Desktop\Zhihire-StarMap\backend\src\test\resources
[INFO] 
[INFO] --- compiler:3.11.0:testCompile (default-testCompile) @ starmap-backend ---
[INFO] No sources to compile
[INFO] 
[INFO] <<< spring-boot:3.2.5:run (default-cli) < test-compile @ starmap-backend <<<
[INFO] 
[INFO] 
[INFO] --- spring-boot:3.2.5:run (default-cli) @ starmap-backend ---
[INFO] Attaching agents: []

  .   ____          _            __ _ _
 /\\ / ___'_ __ _ _(_)_ __  __ _ \ \ \ \
( ( )\___ | '_ | '_| | '_ \/ _` | \ \ \ \
 \\/  ___)| |_)| | | | | || (_| |  ) ) ) )
  '  |____| .__|_| |_|_| |_\__, | / / / /
 =========|_|==============|___/=/_/_/_/
 :: Spring Boot ::                (v3.2.5)

2026-07-05T18:26:36.478+08:00  INFO 19696 --- [zhihire-starmap] [           main] com.zhihire.starmap.StarMapApplication   : Starting StarMapApplication using Java 21.0.10 with PID 19696 (C:\Users\Administrator\Desktop\Zhihire-StarMap\backend\target\classes started by Moon in C:\Users\Administrator\Desktop\Zhihire-StarMap\backend)
2026-07-05T18:26:36.478+08:00  INFO 19696 --- [zhihire-starmap] [           main] com.zhihire.starmap.StarMapApplication   : The following 1 profile is active: "dev"
2026-07-05T18:26:37.326+08:00  INFO 19696 --- [zhihire-starmap] [           main] o.s.b.w.embedded.tomcat.TomcatWebServer  : Tomcat initialized with port 8080 (http)
2026-07-05T18:26:37.338+08:00  INFO 19696 --- [zhihire-starmap] [           main] o.apache.catalina.core.StandardService   : Starting service [Tomcat]
2026-07-05T18:26:37.338+08:00  INFO 19696 --- [zhihire-starmap] [           main] o.apache.catalina.core.StandardEngine    : Starting Servlet engine: [Apache Tomcat/10.1.20]
2026-07-05T18:26:37.385+08:00  INFO 19696 --- [zhihire-starmap] [           main] o.a.c.c.C.[Tomcat].[localhost].[/]       : Initializing Spring embedded WebApplicationContext
2026-07-05T18:26:37.386+08:00  INFO 19696 --- [zhihire-starmap] [           main] w.s.c.ServletWebServerApplicationContext : Root WebApplicationContext: initialization completed in 876 ms
2026-07-05T18:26:37.409+08:00  INFO 19696 --- [zhihire-starmap] [           main] com.zaxxer.hikari.HikariDataSource       : HikariPool-1 - Starting...
2026-07-05T18:26:37.544+08:00  INFO 19696 --- [zhihire-starmap] [           main] com.zaxxer.hikari.pool.HikariPool        : HikariPool-1 - Added connection conn0: url=jdbc:h2:mem:starmap user=SA
2026-07-05T18:26:37.544+08:00  INFO 19696 --- [zhihire-starmap] [           main] com.zaxxer.hikari.HikariDataSource       : HikariPool-1 - Start completed.
2026-07-05T18:26:37.551+08:00  INFO 19696 --- [zhihire-starmap] [           main] o.s.b.a.h2.H2ConsoleAutoConfiguration    : H2 console available at '/h2-console'. Database available at 'jdbc:h2:mem:starmap'
 _ _   |_  _ _|_. ___ _ |    _ 
| | |\/|_)(_| | |_\  |_)||_|_\ 
     /               |         
                        3.5.7 
2026-07-05T18:26:37.933+08:00  WARN 19696 --- [zhihire-starmap] [           main] .s.s.UserDetailsServiceAutoConfiguration : 

Using generated security password: 45d39cb2-c077-4e9d-9292-b54f78dddebf

This generated password is for development use only. Your security configuration must be updated before running your application in production.

2026-07-05T18:26:38.116+08:00  INFO 19696 --- [zhihire-starmap] [           main] o.s.s.web.DefaultSecurityFilterChain     : Will secure any request with [org.springframework.security.web.session.DisableEncodeUrlFilter@f4f843f, org.springframework.security.web.context.request.async.WebAsyncManagerIntegrationFilter@7b5833ee, org.springframework.security.web.context.SecurityContextHolderFilter@7686f701, org.springframework.security.web.header.HeaderWriterFilter@5aa6da2, org.springframework.web.filter.CorsFilter@1e471884, org.springframework.security.web.authentication.logout.LogoutFilter@455da438, com.zhihire.starmap.config.JwtAuthenticationFilter@2e7af36e, org.springframework.security.web.savedrequest.RequestCacheAwareFilter@210a26b, org.springframework.security.web.servletapi.SecurityContextHolderAwareRequestFilter@2dc21583, org.springframework.security.web.authentication.AnonymousAuthenticationFilter@27261190, org.springframework.security.web.session.SessionManagementFilter@67fac095, org.springframework.security.web.access.ExceptionTranslationFilter@1410d645, org.springframework.security.web.access.intercept.AuthorizationFilter@118cbded]
2026-07-05T18:26:38.325+08:00  INFO 19696 --- [zhihire-starmap] [           main] o.s.b.w.embedded.tomcat.TomcatWebServer  : Tomcat started on port 8080 (http) with context path ''
2026-07-05T18:26:38.329+08:00  INFO 19696 --- [zhihire-starmap] [           main] com.zhihire.starmap.StarMapApplication   : Started StarMapApplication in 2.139 seconds (process running for 2.386)
