[INFO] Scanning for projects...
[WARNING] 
[WARNING] Some problems were encountered while building the effective model for com.zhihire:starmap-backend:jar:1.0.0-SNAPSHOT
[WARNING] 'profiles.profile[prod].dependencies.dependency.systemPath' for cn.com.kingbase:kingbase8:jar should not point at files within the project directory, ${project.basedir}/lib/kingbase8-8.6.0.jar will be unresolvable by dependent projects @ line 141, column 33
[WARNING] 
[WARNING] It is highly recommended to fix these problems because they threaten the stability of your build.
[WARNING] 
[WARNING] For this reason, future Maven versions might no longer support building such malformed projects.
[WARNING] 
[INFO] 
[INFO] --------------------< com.zhihire:starmap-backend >---------------------
[INFO] Building zhihire-starmap-backend 1.0.0-SNAPSHOT
[INFO]   from pom.xml
[INFO] --------------------------------[ jar ]---------------------------------
[INFO] 
[INFO] --- clean:3.3.2:clean (default-clean) @ starmap-backend ---
[INFO] Deleting C:\Users\Administrator\Desktop\Zhihire-StarMap\backend\target
[INFO] 
[INFO] >>> spring-boot:3.2.5:run (default-cli) > test-compile @ starmap-backend >>>
[INFO] 
[INFO] --- resources:3.3.1:resources (default-resources) @ starmap-backend ---
[INFO] Copying 1 resource from src\main\resources to target\classes
[INFO] Copying 2 resources from src\main\resources to target\classes
[INFO] 
[INFO] --- compiler:3.11.0:compile (default-compile) @ starmap-backend ---
[INFO] Changes detected - recompiling the module! :source
[INFO] Compiling 30 source files with javac [debug release 21] to target\classes
[INFO] 由于在类路径中发现了一个或多个处理程序，因此启用了
  批注处理。未来发行版的 javac 可能会禁用批注处理，
  除非至少按名称指定了一个处理程序 (-processor)，
  或指定了搜索路径 (--processor-path, --processor-module-path)，
  或显式启用了批注处理 (-proc:only, -proc:full)。
  可使用 -Xlint:-options 隐藏此消息。
  可使用 -proc:none 禁用批注处理。
[INFO] 
[INFO] --- resources:3.3.1:testResources (default-testResources) @ starmap-backend ---
[INFO] skip non existing resourceDirectory C:\Users\Administrator\Desktop\Zhihire-StarMap\backend\src\test\resources
[INFO] 
[INFO] --- compiler:3.11.0:testCompile (default-testCompile) @ starmap-backend ---
[INFO] No sources to compile
[INFO] 
[INFO] <<< spring-boot:3.2.5:run (default-cli) < test-compile @ starmap-backend <<<
[INFO] 
[INFO] 
[INFO] --- spring-boot:3.2.5:run (default-cli) @ starmap-backend ---
[INFO] Attaching agents: []

  .   ____          _            __ _ _
 /\\ / ___'_ __ _ _(_)_ __  __ _ \ \ \ \
( ( )\___ | '_ | '_| | '_ \/ _` | \ \ \ \
 \\/  ___)| |_)| | | | | || (_| |  ) ) ) )
  '  |____| .__|_| |_|_| |_\__, | / / / /
 =========|_|==============|___/=/_/_/_/
 :: Spring Boot ::                (v3.2.5)

2026-07-05T18:32:17.952+08:00  INFO 24820 --- [zhihire-starmap] [           main] com.zhihire.starmap.StarMapApplication   : Starting StarMapApplication using Java 21.0.10 with PID 24820 (C:\Users\Administrator\Desktop\Zhihire-StarMap\backend\target\classes started by Moon in C:\Users\Administrator\Desktop\Zhihire-StarMap\backend)
2026-07-05T18:32:17.954+08:00  INFO 24820 --- [zhihire-starmap] [           main] com.zhihire.starmap.StarMapApplication   : The following 1 profile is active: "dev"
