[INFO] Scanning for projects...
[WARNING] 
[WARNING] Some problems were encountered while building the effective model for com.zhihire:starmap-backend:jar:1.0.0-SNAPSHOT
[WARNING] 'profiles.profile[prod].dependencies.dependency.systemPath' for cn.com.kingbase:kingbase8:jar should not point at files within the project directory, ${project.basedir}/lib/kingbase8-8.6.0.jar will be unresolvable by dependent projects @ line 141, column 33
[WARNING] 
[WARNING] It is highly recommended to fix these problems because they threaten the stability of your build.
[WARNING] 
[WARNING] For this reason, future Maven versions might no longer support building such malformed projects.
[WARNING] 
[INFO] 
[INFO] --------------------< com.zhihire:starmap-backend >---------------------
[INFO] Building zhihire-starmap-backend 1.0.0-SNAPSHOT
[INFO]   from pom.xml
[INFO] --------------------------------[ jar ]---------------------------------
[INFO] 
[INFO] --- clean:3.3.2:clean (default-clean) @ starmap-backend ---
[INFO] Deleting C:\Users\Administrator\Desktop\Zhihire-StarMap\backend\target
[INFO] 
[INFO] >>> spring-boot:3.2.5:run (default-cli) > test-compile @ starmap-backend >>>
[INFO] 
[INFO] --- resources:3.3.1:resources (default-resources) @ starmap-backend ---
[INFO] Copying 1 resource from src\main\resources to target\classes
[INFO] Copying 2 resources from src\main\resources to target\classes
[INFO] 
[INFO] --- compiler:3.11.0:compile (default-compile) @ starmap-backend ---
[INFO] Changes detected - recompiling the module! :source
[INFO] Compiling 31 source files with javac [debug release 21] to target\classes
[INFO] 由于在类路径中发现了一个或多个处理程序，因此启用了
  批注处理。未来发行版的 javac 可能会禁用批注处理，
  除非至少按名称指定了一个处理程序 (-processor)，
  或指定了搜索路径 (--processor-path, --processor-module-path)，
  或显式启用了批注处理 (-proc:only, -proc:full)。
  可使用 -Xlint:-options 隐藏此消息。
  可使用 -proc:none 禁用批注处理。
[INFO] 
[INFO] --- resources:3.3.1:testResources (default-testResources) @ starmap-backend ---
[INFO] skip non existing resourceDirectory C:\Users\Administrator\Desktop\Zhihire-StarMap\backend\src\test\resources
[INFO] 
[INFO] --- compiler:3.11.0:testCompile (default-testCompile) @ starmap-backend ---
[INFO] No sources to compile
[INFO] 
[INFO] <<< spring-boot:3.2.5:run (default-cli) < test-compile @ starmap-backend <<<
[INFO] 
[INFO] 
[INFO] --- spring-boot:3.2.5:run (default-cli) @ starmap-backend ---
[INFO] Attaching agents: []

  .   ____          _            __ _ _
 /\\ / ___'_ __ _ _(_)_ __  __ _ \ \ \ \
( ( )\___ | '_ | '_| | '_ \/ _` | \ \ \ \
 \\/  ___)| |_)| | | | | || (_| |  ) ) ) )
  '  |____| .__|_| |_|_| |_\__, | / / / /
 =========|_|==============|___/=/_/_/_/
 :: Spring Boot ::                (v3.2.5)

2026-07-05T18:34:13.180+08:00  INFO 25060 --- [zhihire-starmap] [           main] com.zhihire.starmap.StarMapApplication   : Starting StarMapApplication using Java 21.0.10 with PID 25060 (C:\Users\Administrator\Desktop\Zhihire-StarMap\backend\target\classes started by Moon in C:\Users\Administrator\Desktop\Zhihire-StarMap\backend)
2026-07-05T18:34:13.183+08:00  INFO 25060 --- [zhihire-starmap] [           main] com.zhihire.starmap.StarMapApplication   : The following 1 profile is active: "dev"
2026-07-05T18:34:14.087+08:00  INFO 25060 --- [zhihire-starmap] [           main] o.s.b.w.embedded.tomcat.TomcatWebServer  : Tomcat initialized with port 8080 (http)
2026-07-05T18:34:14.095+08:00  INFO 25060 --- [zhihire-starmap] [           main] o.apache.catalina.core.StandardService   : Starting service [Tomcat]
2026-07-05T18:34:14.095+08:00  INFO 25060 --- [zhihire-starmap] [           main] o.apache.catalina.core.StandardEngine    : Starting Servlet engine: [Apache Tomcat/10.1.20]
2026-07-05T18:34:14.146+08:00  INFO 25060 --- [zhihire-starmap] [           main] o.a.c.c.C.[Tomcat].[localhost].[/]       : Initializing Spring embedded WebApplicationContext
2026-07-05T18:34:14.146+08:00  INFO 25060 --- [zhihire-starmap] [           main] w.s.c.ServletWebServerApplicationContext : Root WebApplicationContext: initialization completed in 928 ms
2026-07-05T18:34:14.168+08:00  INFO 25060 --- [zhihire-starmap] [           main] com.zaxxer.hikari.HikariDataSource       : HikariPool-1 - Starting...
2026-07-05T18:34:14.295+08:00  INFO 25060 --- [zhihire-starmap] [           main] com.zaxxer.hikari.pool.HikariPool        : HikariPool-1 - Added connection conn0: url=jdbc:h2:mem:starmap user=SA
2026-07-05T18:34:14.295+08:00  INFO 25060 --- [zhihire-starmap] [           main] com.zaxxer.hikari.HikariDataSource       : HikariPool-1 - Start completed.
2026-07-05T18:34:14.303+08:00  INFO 25060 --- [zhihire-starmap] [           main] o.s.b.a.h2.H2ConsoleAutoConfiguration    : H2 console available at '/h2-console'. Database available at 'jdbc:h2:mem:starmap'
 _ _   |_  _ _|_. ___ _ |    _ 
| | |\/|_)(_| | |_\  |_)||_|_\ 
     /               |         
                        3.5.7 
2026-07-05T18:34:14.727+08:00  WARN 25060 --- [zhihire-starmap] [           main] .s.s.UserDetailsServiceAutoConfiguration : 

Using generated security password: a40e57e4-d98b-4891-a185-24b8f2a2653d

This generated password is for development use only. Your security configuration must be updated before running your application in production.

2026-07-05T18:34:14.935+08:00  INFO 25060 --- [zhihire-starmap] [           main] o.s.s.web.DefaultSecurityFilterChain     : Will secure any request with [org.springframework.security.web.session.DisableEncodeUrlFilter@1d7c9811, org.springframework.security.web.context.request.async.WebAsyncManagerIntegrationFilter@3b362f1, org.springframework.security.web.context.SecurityContextHolderFilter@194911c1, org.springframework.security.web.header.HeaderWriterFilter@47c96f2c, org.springframework.web.filter.CorsFilter@6451a288, org.springframework.security.web.authentication.logout.LogoutFilter@7b5833ee, com.zhihire.starmap.config.JwtAuthenticationFilter@108e9837, org.springframework.security.web.savedrequest.RequestCacheAwareFilter@64ec1459, org.springframework.security.web.servletapi.SecurityContextHolderAwareRequestFilter@1aac0a47, org.springframework.security.web.authentication.AnonymousAuthenticationFilter@79cdf2d4, org.springframework.security.web.session.SessionManagementFilter@75dd0f94, org.springframework.security.web.access.ExceptionTranslationFilter@5dae5a70, org.springframework.security.web.access.intercept.AuthorizationFilter@e521067]
2026-07-05T18:34:15.139+08:00  INFO 25060 --- [zhihire-starmap] [           main] o.s.b.w.embedded.tomcat.TomcatWebServer  : Tomcat started on port 8080 (http) with context path ''
2026-07-05T18:34:15.143+08:00  INFO 25060 --- [zhihire-starmap] [           main] com.zhihire.starmap.StarMapApplication   : Started StarMapApplication in 2.284 seconds (process running for 2.54)
