[INFO] Scanning for projects...
[WARNING] 
[WARNING] Some problems were encountered while building the effective model for com.zhihire:starmap-backend:jar:1.0.0-SNAPSHOT
[WARNING] 'profiles.profile[prod].dependencies.dependency.systemPath' for cn.com.kingbase:kingbase8:jar should not point at files within the project directory, ${project.basedir}/lib/kingbase8-8.6.0.jar will be unresolvable by dependent projects @ line 141, column 33
[WARNING] 
[WARNING] It is highly recommended to fix these problems because they threaten the stability of your build.
[WARNING] 
[WARNING] For this reason, future Maven versions might no longer support building such malformed projects.
[WARNING] 
[INFO] 
[INFO] --------------------< com.zhihire:starmap-backend >---------------------
[INFO] Building zhihire-starmap-backend 1.0.0-SNAPSHOT
[INFO]   from pom.xml
[INFO] --------------------------------[ jar ]---------------------------------
[INFO] 
[INFO] >>> spring-boot:3.2.5:run (default-cli) > test-compile @ starmap-backend >>>
[INFO] 
[INFO] --- resources:3.3.1:resources (default-resources) @ starmap-backend ---
[INFO] Copying 1 resource from src\main\resources to target\classes
[INFO] Copying 2 resources from src\main\resources to target\classes
[INFO] 
[INFO] --- compiler:3.11.0:compile (default-compile) @ starmap-backend ---
[INFO] Nothing to compile - all classes are up to date
[INFO] 
[INFO] --- resources:3.3.1:testResources (default-testResources) @ starmap-backend ---
[INFO] skip non existing resourceDirectory C:\Users\Administrator\Desktop\Zhihire-StarMap\backend\src\test\resources
[INFO] 
[INFO] --- compiler:3.11.0:testCompile (default-testCompile) @ starmap-backend ---
[INFO] No sources to compile
[INFO] 
[INFO] <<< spring-boot:3.2.5:run (default-cli) < test-compile @ starmap-backend <<<
[INFO] 
[INFO] 
[INFO] --- spring-boot:3.2.5:run (default-cli) @ starmap-backend ---
[INFO] Attaching agents: []

  .   ____          _            __ _ _
 /\\ / ___'_ __ _ _(_)_ __  __ _ \ \ \ \
( ( )\___ | '_ | '_| | '_ \/ _` | \ \ \ \
 \\/  ___)| |_)| | | | | || (_| |  ) ) ) )
  '  |____| .__|_| |_|_| |_\__, | / / / /
 =========|_|==============|___/=/_/_/_/
 :: Spring Boot ::                (v3.2.5)

2026-07-05T18:42:01.576+08:00  INFO 19656 --- [zhihire-starmap] [           main] com.zhihire.starmap.StarMapApplication   : Starting StarMapApplication using Java 21.0.10 with PID 19656 (C:\Users\Administrator\Desktop\Zhihire-StarMap\backend\target\classes started by Moon in C:\Users\Administrator\Desktop\Zhihire-StarMap\backend)
2026-07-05T18:42:01.578+08:00  INFO 19656 --- [zhihire-starmap] [           main] com.zhihire.starmap.StarMapApplication   : The following 1 profile is active: "dev"
2026-07-05T18:42:02.444+08:00  INFO 19656 --- [zhihire-starmap] [           main] o.s.b.w.embedded.tomcat.TomcatWebServer  : Tomcat initialized with port 8080 (http)
2026-07-05T18:42:02.453+08:00  INFO 19656 --- [zhihire-starmap] [           main] o.apache.catalina.core.StandardService   : Starting service [Tomcat]
2026-07-05T18:42:02.454+08:00  INFO 19656 --- [zhihire-starmap] [           main] o.apache.catalina.core.StandardEngine    : Starting Servlet engine: [Apache Tomcat/10.1.20]
2026-07-05T18:42:02.497+08:00  INFO 19656 --- [zhihire-starmap] [           main] o.a.c.c.C.[Tomcat].[localhost].[/]       : Initializing Spring embedded WebApplicationContext
2026-07-05T18:42:02.497+08:00  INFO 19656 --- [zhihire-starmap] [           main] w.s.c.ServletWebServerApplicationContext : Root WebApplicationContext: initialization completed in 887 ms
2026-07-05T18:42:02.518+08:00  INFO 19656 --- [zhihire-starmap] [           main] com.zaxxer.hikari.HikariDataSource       : HikariPool-1 - Starting...
2026-07-05T18:42:02.625+08:00  INFO 19656 --- [zhihire-starmap] [           main] com.zaxxer.hikari.pool.HikariPool        : HikariPool-1 - Added connection conn0: url=jdbc:h2:mem:starmap user=SA
2026-07-05T18:42:02.626+08:00  INFO 19656 --- [zhihire-starmap] [           main] com.zaxxer.hikari.HikariDataSource       : HikariPool-1 - Start completed.
2026-07-05T18:42:02.632+08:00  INFO 19656 --- [zhihire-starmap] [           main] o.s.b.a.h2.H2ConsoleAutoConfiguration    : H2 console available at '/h2-console'. Database available at 'jdbc:h2:mem:starmap'
 _ _   |_  _ _|_. ___ _ |    _ 
| | |\/|_)(_| | |_\  |_)||_|_\ 
     /               |         
                        3.5.7 
2026-07-05T18:42:03.116+08:00  WARN 19656 --- [zhihire-starmap] [           main] .s.s.UserDetailsServiceAutoConfiguration : 

Using generated security password: 119a5125-e231-4f2f-9670-8471a8d99eb0

This generated password is for development use only. Your security configuration must be updated before running your application in production.

2026-07-05T18:42:03.334+08:00  INFO 19656 --- [zhihire-starmap] [           main] o.s.s.web.DefaultSecurityFilterChain     : Will secure any request with [org.springframework.security.web.session.DisableEncodeUrlFilter@68d8eb4f, org.springframework.security.web.context.request.async.WebAsyncManagerIntegrationFilter@64757d56, org.springframework.security.web.context.SecurityContextHolderFilter@3d88ce0e, org.springframework.security.web.header.HeaderWriterFilter@296676c4, org.springframework.web.filter.CorsFilter@4813d0, org.springframework.security.web.authentication.logout.LogoutFilter@4de91056, com.zhihire.starmap.config.JwtAuthenticationFilter@54af3cb9, org.springframework.security.web.savedrequest.RequestCacheAwareFilter@4ad1a276, org.springframework.security.web.servletapi.SecurityContextHolderAwareRequestFilter@4a833595, org.springframework.security.web.authentication.AnonymousAuthenticationFilter@702096ef, org.springframework.security.web.session.SessionManagementFilter@7019d619, org.springframework.security.web.access.ExceptionTranslationFilter@5871a482, org.springframework.security.web.access.intercept.AuthorizationFilter@b70fa38]
2026-07-05T18:42:03.538+08:00  INFO 19656 --- [zhihire-starmap] [           main] o.s.b.w.embedded.tomcat.TomcatWebServer  : Tomcat started on port 8080 (http) with context path ''
2026-07-05T18:42:03.544+08:00  INFO 19656 --- [zhihire-starmap] [           main] com.zhihire.starmap.StarMapApplication   : Started StarMapApplication in 2.238 seconds (process running for 2.475)
